

HI-TECH Software PICC Macro Assembler V9.65PL1 build 4700 
                                                      Mon Dec 04 11:35:53 2023

HI-TECH Software Omniscient Code Generator build 4700
     1  0000                     opt subtitle "HI-TECH Software Omniscient Code 
                                 Generator build 4700"
     2                           
     3                           	processor	16F877A
     4                           clrc	macro
     5                           	bcf	status,0
     6  0000                     	endm
     7                           clrz	macro
     8                           	bcf	status,2
     9  0000                     	endm
    10                           setc	macro
    11                           	bsf	status,0
    12  0000                     	endm
    13                           setz	macro
    14                           	bsf	status,2
    15  0000                     	endm
    16                           skipc	macro
    17                           	btfss	status,0
    18  0000                     	endm
    19                           skipz	macro
    20                           	btfss	status,2
    21  0000                     	endm
    22                           skipnc	macro
    23                           	btfsc	status,0
    24  0000                     	endm
    25                           skipnz	macro
    26                           	btfsc	status,2
    27  0000                     	endm
    28  0000                     indf	equ	0
    29  0000                     indf0	equ	0
    30  0000                     pc	equ	2
    31  0000                     pcl	equ	2
    32  0000                     status	equ	3
    33  0000                     fsr	equ	4
    34  0000                     fsr0	equ	4
    35  0000                     c	equ	1
    36  0000                     z	equ	0
    37  0000                     pclath	equ	10
    38                           # 3 "C:\TechLand\MPLAB PROGRAMS\LED\RIGHT SHIFT
                                 \RIGHT SHIFT.c"
    39                           	psect config,class=CONFIG,delta=2 ;#
    40                           # 3 "C:\TechLand\MPLAB PROGRAMS\LED\RIGHT SHIFT
                                 \RIGHT SHIFT.c"
    41  2007  3D72               	dw 0x3D72 ;#
    42                           global __tempreg
    43  0000                     __tempreg	set	115
    44                           global __Lrdata_0, __Hrdata_0
    45  0000                     __Lrdata_0	equ	0x0
    46  0000                     __Hrdata_0	equ	0x1
    47                           global __Lramdata, __Lrdata_0, __Hramdata, __Hr
                                 data_0
    48  0000                     __Lramdata	set	__Lrdata_0
    49  0000                     __Hramdata	set	__Hrdata_0
    50                           	GLOBAL	__databank
    51  0000                     __databank	EQU	0
    52  0000                     _main_i	equ	??_main+0
    53                           	global	_main_i
    54  0000                     _delay_i	equ	??_delay+0
    55                           	global	_delay_i
    56                           ;Data sizes: Strings 0, constant 0, data 0, bss
                                  0, persistent 0 stack 11
    57                           	global	_main
    58                           	global	??_main
    59                           	global	?_main
    60                           
    61                           ; *************** function _main **************
                                 *
    62                           ; Defined at:
    63                           ;		line 6 in file "C:\TechLand\MPLAB PROGRAMS\L
                                 ED\RIGHT SHIFT\RIGHT SHIFT.c"
    64                           ; Parameters:
    65                           ;		None
    66                           ; Auto variables:
    67                           ;		i           	       	type: int 
    68                           ; Return value:
    69                           ;		type: void 
    70                           ;		size: 0
    71                           ; Registers used:
    72                           ;		wreg, status,2, status,0, pclath, cstack
    73                           ; Tracked objects:
    74                           ;		On entry : BFF/0
    75                           ;		On exit  : 0/0
    76                           ;		Unchanged: 0/0
    77                           ; Data sizes:
    78                           ;		Autos:    2
    79                           ;		Params:   0
    80                           ;		Temp:     1
    81                           ;		Total:    3
    82                           ; This function calls:
    83                           ;		_delay
    84                           ; This function is called by:
    85                           ;		Startup code after reset
    86                           ; This function uses a non-reentrant model
    87                           ; 
    88                           	psect	maintext,class=CODE,delta=2
    89                           	file	"C:\TechLand\MPLAB PROGRAMS\LED\RIGHT SHI
                                 FT\RIGHT SHIFT.c"
    90                           	line	6
    91                           	psect	maintext
    92                           ;RIGHT SHIFT.c: 3: asm("\tpsect config,class=CO
                                 NFIG,delta=2"); asm("\tdw ""0x3D72");
    93                           ;RIGHT SHIFT.c: 4: void delay();
    94                           ;RIGHT SHIFT.c: 5: void main()
    95                           ;RIGHT SHIFT.c: 6: {
    96                           	
    97  0003                     _main:	
    98                           	opt stack 8
    99                           ; Regs used in _main: [wreg+status,2+status,0+p
                                 clath+cstack]
   100                           	line	7
   101                           ;RIGHT SHIFT.c: 7: TRISB=0X00;
   102  0003  1003               	clrc
   103  0004  1683               	bsf	status, 5	;RP0=1, select bank1
   104  0005  1303               	bcf	status, 6	;RP1=0, select bank1
   105                           	
   106  0006  3000               	movlw	0
   107  0007  1803               	btfsc	status,0
   108  0008  3001               	movlw	1
   109  0009  0086               	movwf	(134)^080h	;volatile
   110                           	line	8
   111                           ;RIGHT SHIFT.c: 8: PORTB=0X80;
   112  000A  3080               	movlw	(080h)
   113  000B  1283               	bcf	status, 5	;RP0=0, select bank0
   114  000C  1303               	bcf	status, 6	;RP1=0, select bank0
   115                           	
   116  000D  0086               	movwf	(6)	;volatile
   117                           	line	9
   118                           ;RIGHT SHIFT.c: 9: delay();
   119  000E  120A  118A  27DE   	fcall	_delay
              120A  118A         
   120                           	line	10
   121                           ;RIGHT SHIFT.c: 10: for(int i=0;i<8;i++)
   122  0013  3000               	movlw	low(0)
   123                           	
   124  0014  00F0               	movwf	(_main_i)
   125  0015  3000               	movlw	high(0)
   126  0016  00F1               	movwf	((_main_i))+1
   127  0017  2818               	goto	l2
   128                           	line	11
   129                           	
   130  0018                     l2:	
   131                           	line	12
   132                           ;RIGHT SHIFT.c: 11: {
   133                           ;RIGHT SHIFT.c: 12: PORTB=PORTB>>1;
   134  0018  1283               	bcf	status, 5	;RP0=0, select bank0
   135  0019  1303               	bcf	status, 6	;RP1=0, select bank0
   136                           	
   137  001A  0806               	movf	(6),w	;volatile
   138  001B  00F2               	movwf	(??_main+2+0)
   139  001C  1003               	clrc
   140  001D  0C72               	rrf	(??_main+2+0),w
   141                           	
   142  001E  0086               	movwf	(6)	;volatile
   143                           	line	13
   144                           ;RIGHT SHIFT.c: 13: delay();
   145  001F  120A  118A  27DE   	fcall	_delay
              120A  118A         
   146                           	line	10
   147                           	
   148  0024  3001               	movlw	low(01h)
   149  0025  07F0               	addwf	(_main_i),f
   150  0026  1803               	skipnc
   151  0027  0AF1               	incf	(_main_i+1),f
   152  0028  3000               	movlw	high(01h)
   153  0029  07F1               	addwf	(_main_i+1),f
   154                           	
   155  002A  0871               	movf	(_main_i+1),w
   156  002B  3A80               	xorlw	80h
   157  002C  00F2               	movwf	(??_main+2+0)
   158  002D  3080               	movlw	(high(08h))^80h
   159  002E  0272               	subwf	(??_main+2+0),w
   160  002F  1D03               	skipz
   161  0030  2833               	goto	u7610
   162  0031                     u7615:
   163  0031  3008               	movlw	low(08h)
   164  0032  0270               	subwf	(_main_i),w
   165  0033                     u7610:
   166                           
   167  0033  1C03               	skipc
   168  0034  2836               	goto	u761
   169  0035  2837               	goto	u760
   170  0036                     u761:
   171  0036  2818               	goto	l2
   172  0037                     u760:
   173                           	
   174  0037                     l3:	
   175                           	line	15
   176                           ;RIGHT SHIFT.c: 14: }
   177                           ;RIGHT SHIFT.c: 15: }
   178  0037                     l1:	
   179                           	global	start
   180  0037  120A  118A  2800   	ljmp	start
   181                           ; =============== function _main ends =========
                                 ======
   182                           
   183                           GLOBAL __end_of_main
   184  003A                     	__end_of_main:
   185                           	FNSIZE	_main,3,0
   186                           	signat	_main,88
   187                           	global	_delay
   188                           	global	??_delay
   189                           	global	?_delay
   190                           
   191                           ; *************** function _delay *************
                                 **
   192                           ; Defined at:
   193                           ;		line 17 in file "C:\TechLand\MPLAB PROGRAMS\
                                 LED\RIGHT SHIFT\RIGHT SHIFT.c"
   194                           ; Parameters:
   195                           ;		None
   196                           ; Auto variables:
   197                           ;		i           	       	type: int 
   198                           ; Return value:
   199                           ;		type: void 
   200                           ;		size: 0
   201                           ; Registers used:
   202                           ;		wreg
   203                           ; Tracked objects:
   204                           ;		On entry : 300/0
   205                           ;		On exit  : 0/0
   206                           ;		Unchanged: 0/0
   207                           ; Data sizes:
   208                           ;		Autos:    2
   209                           ;		Params:   0
   210                           ;		Temp:     2
   211                           ;		Total:    4
   212                           ; This function calls:
   213                           ;		__delay
   214                           ; This function is called by:
   215                           ;		_main
   216                           ; This function uses a non-reentrant model
   217                           ; 
   218                           	psect	text22,local,class=CODE,delta=2
   219                           	file	"C:\TechLand\MPLAB PROGRAMS\LED\RIGHT SHI
                                 FT\RIGHT SHIFT.c"
   220                           	line	17
   221                           ;RIGHT SHIFT.c: 16: void delay()
   222                           ;RIGHT SHIFT.c: 17: {
   223                           	
   224  07DE                     _delay:	
   225                           	opt stack 7
   226                           ; Regs used in _delay: [wreg]
   227                           	line	18
   228                           ;RIGHT SHIFT.c: 18: for(int i=0;i<50;i++)
   229  07DE  3000               	movlw	low(0)
   230                           	
   231  07DF  00F3               	movwf	(_delay_i)
   232  07E0  3000               	movlw	high(0)
   233  07E1  00F4               	movwf	((_delay_i))+1
   234  07E2  2FE3               	goto	l6
   235                           	line	19
   236                           	
   237  07E3                     l6:	
   238                           ;RIGHT SHIFT.c: 19: _delay((unsigned long)((10)
                                 *(20000000/4000.0)));
   239                           	
   240  07E3  3041               	movlw	65
   241  07E4  00F6               movwf	(??_delay+2+0+1),f
   242  07E5  30EE               	movlw	238
   243  07E6  00F5               movwf	(??_delay+2+0),f
   244  07E7                     u797:
   245  07E7  0BF5               	decfsz	(??_delay+2+0),f
   246  07E8  2FE7               	goto	u797
   247  07E9  0BF6               	decfsz	(??_delay+2+0+1),f
   248  07EA  2FE7               	goto	u797
   249  07EB  0064               	clrwdt
   250                           
   251                           	line	18
   252                           	
   253  07EC  3001               	movlw	low(01h)
   254  07ED  07F3               	addwf	(_delay_i),f
   255  07EE  1803               	skipnc
   256  07EF  0AF4               	incf	(_delay_i+1),f
   257  07F0  3000               	movlw	high(01h)
   258  07F1  07F4               	addwf	(_delay_i+1),f
   259                           	
   260  07F2  0874               	movf	(_delay_i+1),w
   261  07F3  3A80               	xorlw	80h
   262  07F4  00F5               	movwf	(??_delay+2+0)
   263  07F5  3080               	movlw	(high(032h))^80h
   264  07F6  0275               	subwf	(??_delay+2+0),w
   265  07F7  1D03               	skipz
   266  07F8  2FFB               	goto	u7810
   267  07F9                     u7815:
   268  07F9  3032               	movlw	low(032h)
   269  07FA  0273               	subwf	(_delay_i),w
   270  07FB                     u7810:
   271                           
   272  07FB  1C03               	skipc
   273  07FC  2FFE               	goto	u781
   274  07FD  2FFF               	goto	u780
   275  07FE                     u781:
   276  07FE  2FE3               	goto	l6
   277  07FF                     u780:
   278                           	
   279  07FF                     l7:	
   280                           	line	20
   281                           ;RIGHT SHIFT.c: 20: }
   282  07FF                     l5:	
   283  07FF  0008               	return
   284                           ; =============== function _delay ends ========
                                 =======
   285                           
   286                           GLOBAL __end_of_delay
   287  0800                     	__end_of_delay:
   288                           	FNSIZE	_delay,4,0
   289                           	signat	_delay,88
   290                           	FNCALL	_main,_delay
   291                           	FNROOT	_main
   292                           	psect	strings,class=CODE,delta=2,reloc=256
   293                           	global	_ADCON0
   294                           	global	_ADCON0
   295  0000                     	_ADCON0	set	0x1F
   296                           
   297                           	global	_ADCON1
   298                           	global	_ADCON1
   299  0000                     	_ADCON1	set	0x9F
   300                           
   301                           	global	_ADRESH
   302                           	global	_ADRESH
   303  0000                     	_ADRESH	set	0x1E
   304                           
   305                           	global	_ADRESL
   306                           	global	_ADRESL
   307  0000                     	_ADRESL	set	0x9E
   308                           
   309                           	global	_CCP1CON
   310                           	global	_CCP1CON
   311  0000                     	_CCP1CON	set	0x17
   312                           
   313                           	global	_CCP2CON
   314                           	global	_CCP2CON
   315  0000                     	_CCP2CON	set	0x1D
   316                           
   317                           	global	_CCPR1H
   318                           	global	_CCPR1H
   319  0000                     	_CCPR1H	set	0x16
   320                           
   321                           	global	_CCPR1L
   322                           	global	_CCPR1L
   323  0000                     	_CCPR1L	set	0x15
   324                           
   325                           	global	_CCPR2H
   326                           	global	_CCPR2H
   327  0000                     	_CCPR2H	set	0x1C
   328                           
   329                           	global	_CCPR2L
   330                           	global	_CCPR2L
   331  0000                     	_CCPR2L	set	0x1B
   332                           
   333                           	global	_CMCON
   334                           	global	_CMCON
   335  0000                     	_CMCON	set	0x9C
   336                           
   337                           	global	_CVRCON
   338                           	global	_CVRCON
   339  0000                     	_CVRCON	set	0x9D
   340                           
   341                           	global	_EEADR
   342                           	global	_EEADR
   343  0000                     	_EEADR	set	0x10D
   344                           
   345                           	global	_EEADRH
   346                           	global	_EEADRH
   347  0000                     	_EEADRH	set	0x10F
   348                           
   349                           	global	_EEADRL
   350                           	global	_EEADRL
   351  0000                     	_EEADRL	set	0x10D
   352                           
   353                           	global	_EECON1
   354                           	global	_EECON1
   355  0000                     	_EECON1	set	0x18C
   356                           
   357                           	global	_EECON2
   358                           	global	_EECON2
   359  0000                     	_EECON2	set	0x18D
   360                           
   361                           	global	_EEDATA
   362                           	global	_EEDATA
   363  0000                     	_EEDATA	set	0x10C
   364                           
   365                           	global	_EEDATH
   366                           	global	_EEDATH
   367  0000                     	_EEDATH	set	0x10E
   368                           
   369                           	global	_FSR
   370                           	global	_FSR
   371  0000                     	_FSR	set	0x4
   372                           
   373                           	global	_INDF
   374                           	global	_INDF
   375  0000                     	_INDF	set	0x0
   376                           
   377                           	global	_INTCON
   378                           	global	_INTCON
   379  0000                     	_INTCON	set	0xB
   380                           
   381                           	global	_OPTION
   382                           	global	_OPTION
   383  0000                     	_OPTION	set	0x81
   384                           
   385                           	global	_PCL
   386                           	global	_PCL
   387  0000                     	_PCL	set	0x2
   388                           
   389                           	global	_PCLATH
   390                           	global	_PCLATH
   391  0000                     	_PCLATH	set	0xA
   392                           
   393                           	global	_PCON
   394                           	global	_PCON
   395  0000                     	_PCON	set	0x8E
   396                           
   397                           	global	_PIE1
   398                           	global	_PIE1
   399  0000                     	_PIE1	set	0x8C
   400                           
   401                           	global	_PIE2
   402                           	global	_PIE2
   403  0000                     	_PIE2	set	0x8D
   404                           
   405                           	global	_PIR1
   406                           	global	_PIR1
   407  0000                     	_PIR1	set	0xC
   408                           
   409                           	global	_PIR2
   410                           	global	_PIR2
   411  0000                     	_PIR2	set	0xD
   412                           
   413                           	global	_PORTA
   414                           	global	_PORTA
   415  0000                     	_PORTA	set	0x5
   416                           
   417                           	global	_PORTB
   418  0000                     	_PORTB	set	0x6
   419                           
   420                           	global	_PORTC
   421                           	global	_PORTC
   422  0000                     	_PORTC	set	0x7
   423                           
   424                           	global	_PORTD
   425                           	global	_PORTD
   426  0000                     	_PORTD	set	0x8
   427                           
   428                           	global	_PORTE
   429                           	global	_PORTE
   430  0000                     	_PORTE	set	0x9
   431                           
   432                           	global	_PR2
   433                           	global	_PR2
   434  0000                     	_PR2	set	0x92
   435                           
   436                           	global	_RCREG
   437                           	global	_RCREG
   438  0000                     	_RCREG	set	0x1A
   439                           
   440                           	global	_RCSTA
   441                           	global	_RCSTA
   442  0000                     	_RCSTA	set	0x18
   443                           
   444                           	global	_SPBRG
   445                           	global	_SPBRG
   446  0000                     	_SPBRG	set	0x99
   447                           
   448                           	global	_SSPADD
   449                           	global	_SSPADD
   450  0000                     	_SSPADD	set	0x93
   451                           
   452                           	global	_SSPBUF
   453                           	global	_SSPBUF
   454  0000                     	_SSPBUF	set	0x13
   455                           
   456                           	global	_SSPCON
   457                           	global	_SSPCON
   458  0000                     	_SSPCON	set	0x14
   459                           
   460                           	global	_SSPCON2
   461                           	global	_SSPCON2
   462  0000                     	_SSPCON2	set	0x91
   463                           
   464                           	global	_SSPSTAT
   465                           	global	_SSPSTAT
   466  0000                     	_SSPSTAT	set	0x94
   467+                          
   468+                          	global	_STATUS
   469+                          	global	_STATUS
   470+ 0000                     	_STATUS	set	0x3
   471                           
   472                           	global	_T1CON
   473                           	global	_T1CON
   474  0000                     	_T1CON	set	0x10
   475                           
   476                           	global	_T2CON
   477                           	global	_T2CON
   478  0000                     	_T2CON	set	0x12
   479                           
   480                           	global	_TMR0
   481                           	global	_TMR0
   482  0000                     	_TMR0	set	0x1
   483                           
   484                           	global	_TMR1H
   485                           	global	_TMR1H
   486  0000                     	_TMR1H	set	0xF
   487                           
   488                           	global	_TMR1L
   489                           	global	_TMR1L
   490  0000                     	_TMR1L	set	0xE
   491                           
   492                           	global	_TMR2
   493                           	global	_TMR2
   494  0000                     	_TMR2	set	0x11
   495                           
   496                           	global	_TRISA
   497                           	global	_TRISA
   498  0000                     	_TRISA	set	0x85
   499                           
   500                           	global	_TRISB
   501  0000                     	_TRISB	set	0x86
   502                           
   503                           	global	_TRISC
   504                           	global	_TRISC
   505  0000                     	_TRISC	set	0x87
   506                           
   507                           	global	_TRISD
   508                           	global	_TRISD
   509  0000                     	_TRISD	set	0x88
   510                           
   511                           	global	_TRISE
   512                           	global	_TRISE
   513  0000                     	_TRISE	set	0x89
   514                           
   515                           	global	_TXREG
   516                           	global	_TXREG
   517  0000                     	_TXREG	set	0x19
   518                           
   519                           	global	_TXSTA
   520                           	global	_TXSTA
   521  0000                     	_TXSTA	set	0x98
   522                           
   523                           	global	_ACKDT
   524                           	global	_ACKDT
   525  0000                     	_ACKDT	set	0x48D	;byte address: 0x91
   526                           
   527                           	global	_ACKEN
   528                           	global	_ACKEN
   529  0000                     	_ACKEN	set	0x48C	;byte address: 0x91
   530                           
   531                           	global	_ACKSTAT
   532                           	global	_ACKSTAT
   533  0000                     	_ACKSTAT	set	0x48E	;byte address: 0x91
   534                           
   535                           	global	_ADCS0
   536                           	global	_ADCS0
   537  0000                     	_ADCS0	set	0xFE	;byte address: 0x1F
   538                           
   539                           	global	_ADCS1
   540                           	global	_ADCS1
   541  0000                     	_ADCS1	set	0xFF	;byte address: 0x1F
   542                           
   543                           	global	_ADCS2
   544                           	global	_ADCS2
   545  0000                     	_ADCS2	set	0x4FE	;byte address: 0x9F
   546                           
   547                           	global	_ADDEN
   548                           	global	_ADDEN
   549  0000                     	_ADDEN	set	0xC3	;byte address: 0x18
   550                           
   551                           	global	_ADFM
   552                           	global	_ADFM
   553  0000                     	_ADFM	set	0x4FF	;byte address: 0x9F
   554                           
   555                           	global	_ADGO
   556                           	global	_ADGO
   557  0000                     	_ADGO	set	0xFA	;byte address: 0x1F
   558                           
   559                           	global	_ADIE
   560                           	global	_ADIE
   561  0000                     	_ADIE	set	0x466	;byte address: 0x8C
   562                           
   563                           	global	_ADIF
   564                           	global	_ADIF
   565  0000                     	_ADIF	set	0x66	;byte address: 0xC
   566                           
   567                           	global	_ADON
   568                           	global	_ADON
   569  0000                     	_ADON	set	0xF8	;byte address: 0x1F
   570                           
   571                           	global	_BCLIE
   572                           	global	_BCLIE
   573  0000                     	_BCLIE	set	0x46B	;byte address: 0x8D
   574                           
   575                           	global	_BCLIF
   576                           	global	_BCLIF
   577  0000                     	_BCLIF	set	0x6B	;byte address: 0xD
   578                           
   579                           	global	_BF
   580                           	global	_BF
   581  0000                     	_BF	set	0x4A0	;byte address: 0x94
   582                           
   583                           	global	_BOR
   584                           	global	_BOR
   585  0000                     	_BOR	set	0x470	;byte address: 0x8E
   586                           
   587                           	global	_BRGH
   588                           	global	_BRGH
   589  0000                     	_BRGH	set	0x4C2	;byte address: 0x98
   590                           
   591                           	global	_C1INV
   592                           	global	_C1INV
   593  0000                     	_C1INV	set	0x4E4	;byte address: 0x9C
   594                           
   595                           	global	_C1OUT
   596                           	global	_C1OUT
   597  0000                     	_C1OUT	set	0x4E6	;byte address: 0x9C
   598                           
   599                           	global	_C2INV
   600                           	global	_C2INV
   601  0000                     	_C2INV	set	0x4E5	;byte address: 0x9C
   602                           
   603                           	global	_C2OUT
   604                           	global	_C2OUT
   605  0000                     	_C2OUT	set	0x4E7	;byte address: 0x9C
   606                           
   607                           	global	_CARRY
   608                           	global	_CARRY
   609  0000                     	_CARRY	set	0x18	;byte address: 0x3
   610                           
   611                           	global	_CCP1IE
   612                           	global	_CCP1IE
   613  0000                     	_CCP1IE	set	0x462	;byte address: 0x8C
   614                           
   615                           	global	_CCP1IF
   616                           	global	_CCP1IF
   617  0000                     	_CCP1IF	set	0x62	;byte address: 0xC
   618                           
   619                           	global	_CCP1M0
   620                           	global	_CCP1M0
   621  0000                     	_CCP1M0	set	0xB8	;byte address: 0x17
   622                           
   623                           	global	_CCP1M1
   624                           	global	_CCP1M1
   625  0000                     	_CCP1M1	set	0xB9	;byte address: 0x17
   626                           
   627                           	global	_CCP1M2
   628                           	global	_CCP1M2
   629  0000                     	_CCP1M2	set	0xBA	;byte address: 0x17
   630                           
   631                           	global	_CCP1M3
   632                           	global	_CCP1M3
   633  0000                     	_CCP1M3	set	0xBB	;byte address: 0x17
   634                           
   635                           	global	_CCP1X
   636                           	global	_CCP1X
   637  0000                     	_CCP1X	set	0xBD	;byte address: 0x17
   638                           
   639                           	global	_CCP1Y
   640                           	global	_CCP1Y
   641  0000                     	_CCP1Y	set	0xBC	;byte address: 0x17
   642                           
   643                           	global	_CCP2IE
   644                           	global	_CCP2IE
   645  0000                     	_CCP2IE	set	0x468	;byte address: 0x8D
   646                           
   647                           	global	_CCP2IF
   648                           	global	_CCP2IF
   649  0000                     	_CCP2IF	set	0x68	;byte address: 0xD
   650                           
   651                           	global	_CCP2M0
   652                           	global	_CCP2M0
   653  0000                     	_CCP2M0	set	0xE8	;byte address: 0x1D
   654                           
   655                           	global	_CCP2M1
   656                           	global	_CCP2M1
   657  0000                     	_CCP2M1	set	0xE9	;byte address: 0x1D
   658                           
   659                           	global	_CCP2M2
   660                           	global	_CCP2M2
   661  0000                     	_CCP2M2	set	0xEA	;byte address: 0x1D
   662                           
   663                           	global	_CCP2M3
   664                           	global	_CCP2M3
   665  0000                     	_CCP2M3	set	0xEB	;byte address: 0x1D
   666                           
   667                           	global	_CCP2X
   668                           	global	_CCP2X
   669  0000                     	_CCP2X	set	0xED	;byte address: 0x1D
   670                           
   671                           	global	_CCP2Y
   672                           	global	_CCP2Y
   673  0000                     	_CCP2Y	set	0xEC	;byte address: 0x1D
   674                           
   675                           	global	_CHS0
   676                           	global	_CHS0
   677  0000                     	_CHS0	set	0xFB	;byte address: 0x1F
   678                           
   679                           	global	_CHS1
   680                           	global	_CHS1
   681  0000                     	_CHS1	set	0xFC	;byte address: 0x1F
   682                           
   683                           	global	_CHS2
   684                           	global	_CHS2
   685  0000                     	_CHS2	set	0xFD	;byte address: 0x1F
   686                           
   687                           	global	_CIS
   688                           	global	_CIS
   689  0000                     	_CIS	set	0x4E3	;byte address: 0x9C
   690                           
   691                           	global	_CKE
   692                           	global	_CKE
   693  0000                     	_CKE	set	0x4A6	;byte address: 0x94
   694                           
   695                           	global	_CKP
   696                           	global	_CKP
   697  0000                     	_CKP	set	0xA4	;byte address: 0x14
   698                           
   699                           	global	_CM0
   700                           	global	_CM0
   701  0000                     	_CM0	set	0x4E0	;byte address: 0x9C
   702                           
   703                           	global	_CM1
   704                           	global	_CM1
   705  0000                     	_CM1	set	0x4E1	;byte address: 0x9C
   706                           
   707                           	global	_CM2
   708                           	global	_CM2
   709  0000                     	_CM2	set	0x4E2	;byte address: 0x9C
   710                           
   711                           	global	_CMIE
   712                           	global	_CMIE
   713  0000                     	_CMIE	set	0x46E	;byte address: 0x8D
   714                           
   715                           	global	_CMIF
   716                           	global	_CMIF
   717  0000                     	_CMIF	set	0x6E	;byte address: 0xD
   718                           
   719                           	global	_CREN
   720                           	global	_CREN
   721  0000                     	_CREN	set	0xC4	;byte address: 0x18
   722                           
   723                           	global	_CSRC
   724                           	global	_CSRC
   725  0000                     	_CSRC	set	0x4C7	;byte address: 0x98
   726                           
   727                           	global	_CVR0
   728                           	global	_CVR0
   729  0000                     	_CVR0	set	0x4E8	;byte address: 0x9D
   730                           
   731                           	global	_CVR1
   732                           	global	_CVR1
   733  0000                     	_CVR1	set	0x4E9	;byte address: 0x9D
   734                           
   735                           	global	_CVR2
   736                           	global	_CVR2
   737  0000                     	_CVR2	set	0x4EA	;byte address: 0x9D
   738                           
   739                           	global	_CVR3
   740                           	global	_CVR3
   741  0000                     	_CVR3	set	0x4EB	;byte address: 0x9D
   742                           
   743                           	global	_CVREN
   744                           	global	_CVREN
   745  0000                     	_CVREN	set	0x4EF	;byte address: 0x9D
   746                           
   747                           	global	_CVROE
   748                           	global	_CVROE
   749  0000                     	_CVROE	set	0x4EE	;byte address: 0x9D
   750                           
   751                           	global	_CVRR
   752                           	global	_CVRR
   753  0000                     	_CVRR	set	0x4ED	;byte address: 0x9D
   754                           
   755                           	global	_DA
   756                           	global	_DA
   757  0000                     	_DA	set	0x4A5	;byte address: 0x94
   758                           
   759                           	global	_DC
   760                           	global	_DC
   761  0000                     	_DC	set	0x19	;byte address: 0x3
   762                           
   763                           	global	_EEIE
   764                           	global	_EEIE
   765  0000                     	_EEIE	set	0x46C	;byte address: 0x8D
   766                           
   767                           	global	_EEIF
   768                           	global	_EEIF
   769  0000                     	_EEIF	set	0x6C	;byte address: 0xD
   770                           
   771                           	global	_EEPGD
   772                           	global	_EEPGD
   773  0000                     	_EEPGD	set	0xC67	;byte address: 0x18C
   774                           
   775                           	global	_FERR
   776                           	global	_FERR
   777  0000                     	_FERR	set	0xC2	;byte address: 0x18
   778                           
   779                           	global	_GCEN
   780                           	global	_GCEN
   781  0000                     	_GCEN	set	0x48F	;byte address: 0x91
   782                           
   783                           	global	_GIE
   784                           	global	_GIE
   785  0000                     	_GIE	set	0x5F	;byte address: 0xB
   786                           
   787                           	global	_GODONE
   788                           	global	_GODONE
   789  0000                     	_GODONE	set	0xFA	;byte address: 0x1F
   790                           
   791                           	global	_IBF
   792                           	global	_IBF
   793  0000                     	_IBF	set	0x44F	;byte address: 0x89
   794                           
   795                           	global	_IBOV
   796                           	global	_IBOV
   797  0000                     	_IBOV	set	0x44D	;byte address: 0x89
   798                           
   799                           	global	_INTE
   800                           	global	_INTE
   801  0000                     	_INTE	set	0x5C	;byte address: 0xB
   802                           
   803                           	global	_INTEDG
   804                           	global	_INTEDG
   805  0000                     	_INTEDG	set	0x40E	;byte address: 0x81
   806                           
   807                           	global	_INTF
   808                           	global	_INTF
   809  0000                     	_INTF	set	0x59	;byte address: 0xB
   810                           
   811                           	global	_IRP
   812                           	global	_IRP
   813  0000                     	_IRP	set	0x1F	;byte address: 0x3
   814                           
   815                           	global	_OBF
   816                           	global	_OBF
   817  0000                     	_OBF	set	0x44E	;byte address: 0x89
   818                           
   819                           	global	_OERR
   820                           	global	_OERR
   821  0000                     	_OERR	set	0xC1	;byte address: 0x18
   822                           
   823                           	global	_PCFG0
   824                           	global	_PCFG0
   825  0000                     	_PCFG0	set	0x4F8	;byte address: 0x9F
   826                           
   827                           	global	_PCFG1
   828                           	global	_PCFG1
   829  0000                     	_PCFG1	set	0x4F9	;byte address: 0x9F
   830                           
   831                           	global	_PCFG2
   832                           	global	_PCFG2
   833  0000                     	_PCFG2	set	0x4FA	;byte address: 0x9F
   834                           
   835                           	global	_PCFG3
   836                           	global	_PCFG3
   837  0000                     	_PCFG3	set	0x4FB	;byte address: 0x9F
   838                           
   839                           	global	_PD
   840                           	global	_PD
   841  0000                     	_PD	set	0x1B	;byte address: 0x3
   842                           
   843                           	global	_PEIE
   844                           	global	_PEIE
   845  0000                     	_PEIE	set	0x5E	;byte address: 0xB
   846                           
   847                           	global	_PEN
   848                           	global	_PEN
   849  0000                     	_PEN	set	0x48A	;byte address: 0x91
   850                           
   851                           	global	_POR
   852                           	global	_POR
   853  0000                     	_POR	set	0x471	;byte address: 0x8E
   854                           
   855                           	global	_PS0
   856                           	global	_PS0
   857  0000                     	_PS0	set	0x408	;byte address: 0x81
   858                           
   859                           	global	_PS1
   860                           	global	_PS1
   861  0000                     	_PS1	set	0x409	;byte address: 0x81
   862                           
   863                           	global	_PS2
   864                           	global	_PS2
   865  0000                     	_PS2	set	0x40A	;byte address: 0x81
   866                           
   867                           	global	_PSA
   868                           	global	_PSA
   869  0000                     	_PSA	set	0x40B	;byte address: 0x81
   870                           
   871                           	global	_PSPIE
   872                           	global	_PSPIE
   873  0000                     	_PSPIE	set	0x467	;byte address: 0x8C
   874                           
   875                           	global	_PSPIF
   876                           	global	_PSPIF
   877  0000                     	_PSPIF	set	0x67	;byte address: 0xC
   878                           
   879                           	global	_PSPMODE
   880                           	global	_PSPMODE
   881  0000                     	_PSPMODE	set	0x44C	;byte address: 0x89
   882                           
   883                           	global	_RA0
   884                           	global	_RA0
   885  0000                     	_RA0	set	0x28	;byte address: 0x5
   886                           
   887                           	global	_RA1
   888                           	global	_RA1
   889  0000                     	_RA1	set	0x29	;byte address: 0x5
   890                           
   891                           	global	_RA2
   892                           	global	_RA2
   893  0000                     	_RA2	set	0x2A	;byte address: 0x5
   894                           
   895                           	global	_RA3
   896                           	global	_RA3
   897  0000                     	_RA3	set	0x2B	;byte address: 0x5
   898                           
   899                           	global	_RA4
   900                           	global	_RA4
   901  0000                     	_RA4	set	0x2C	;byte address: 0x5
   902                           
   903                           	global	_RA5
   904                           	global	_RA5
   905  0000                     	_RA5	set	0x2D	;byte address: 0x5
   906                           
   907                           	global	_RB0
   908                           	global	_RB0
   909  0000                     	_RB0	set	0x30	;byte address: 0x6
   910                           
   911                           	global	_RB1
   912                           	global	_RB1
   913  0000                     	_RB1	set	0x31	;byte address: 0x6
   914                           
   915                           	global	_RB2
   916                           	global	_RB2
   917  0000                     	_RB2	set	0x32	;byte address: 0x6
   918                           
   919                           	global	_RB3
   920                           	global	_RB3
   921  0000                     	_RB3	set	0x33	;byte address: 0x6
   922                           
   923                           	global	_RB4
   924                           	global	_RB4
   925  0000                     	_RB4	set	0x34	;byte address: 0x6
   926                           
   927                           	global	_RB5
   928                           	global	_RB5
   929  0000                     	_RB5	set	0x35	;byte address: 0x6
   930                           
   931                           	global	_RB6
   932                           	global	_RB6
   933  0000                     	_RB6	set	0x36	;byte address: 0x6
   934                           
   935                           	global	_RB7
   936                           	global	_RB7
   937  0000                     	_RB7	set	0x37	;byte address: 0x6
   938                           
   939                           	global	_RBIE
   940                           	global	_RBIE
   941  0000                     	_RBIE	set	0x5B	;byte address: 0xB
   942                           
   943                           	global	_RBIF
   944                           	global	_RBIF
   945  0000                     	_RBIF	set	0x58	;byte address: 0xB
   946                           
   947                           	global	_RBPU
   948                           	global	_RBPU
   949  0000                     	_RBPU	set	0x40F	;byte address: 0x81
   950                           
   951                           	global	_RC0
   952                           	global	_RC0
   953  0000                     	_RC0	set	0x38	;byte address: 0x7
   954                           
   955                           	global	_RC1
   956                           	global	_RC1
   957  0000                     	_RC1	set	0x39	;byte address: 0x7
   958                           
   959                           	global	_RC2
   960                           	global	_RC2
   961  0000                     	_RC2	set	0x3A	;byte address: 0x7
   962                           
   963                           	global	_RC3
   964                           	global	_RC3
   965  0000                     	_RC3	set	0x3B	;byte address: 0x7
   966                           
   967                           	global	_RC4
   968                           	global	_RC4
   969  0000                     	_RC4	set	0x3C	;byte address: 0x7
   970                           
   971                           	global	_RC5
   972                           	global	_RC5
   973  0000                     	_RC5	set	0x3D	;byte address: 0x7
   974                           
   975                           	global	_RC6
   976                           	global	_RC6
   977  0000                     	_RC6	set	0x3E	;byte address: 0x7
   978                           
   979                           	global	_RC7
   980                           	global	_RC7
   981  0000                     	_RC7	set	0x3F	;byte address: 0x7
   982                           
   983                           	global	_RCEN
   984                           	global	_RCEN
   985  0000                     	_RCEN	set	0x48B	;byte address: 0x91
   986                           
   987                           	global	_RCIE
   988                           	global	_RCIE
   989  0000                     	_RCIE	set	0x465	;byte address: 0x8C
   990                           
   991                           	global	_RCIF
   992                           	global	_RCIF
   993  0000                     	_RCIF	set	0x65	;byte address: 0xC
   994                           
   995                           	global	_RD
   996                           	global	_RD
   997  0000                     	_RD	set	0xC60	;byte address: 0x18C
   998                           
   999                           	global	_RD0
  1000                           	global	_RD0
  1001  0000                     	_RD0	set	0x40	;byte address: 0x8
  1002                           
  1003                           	global	_RD1
  1004                           	global	_RD1
  1005  0000                     	_RD1	set	0x41	;byte address: 0x8
  1006                           
  1007                           	global	_RD2
  1008                           	global	_RD2
  1009  0000                     	_RD2	set	0x42	;byte address: 0x8
  1010                           
  1011                           	global	_RD3
  1012                           	global	_RD3
  1013  0000                     	_RD3	set	0x43	;byte address: 0x8
  1014                           
  1015                           	global	_RD4
  1016                           	global	_RD4
  1017  0000                     	_RD4	set	0x44	;byte address: 0x8
  1018                           
  1019                           	global	_RD5
  1020                           	global	_RD5
  1021  0000                     	_RD5	set	0x45	;byte address: 0x8
  1022                           
  1023                           	global	_RD6
  1024                           	global	_RD6
  1025  0000                     	_RD6	set	0x46	;byte address: 0x8
  1026                           
  1027                           	global	_RD7
  1028                           	global	_RD7
  1029  0000                     	_RD7	set	0x47	;byte address: 0x8
  1030                           
  1031                           	global	_RE0
  1032                           	global	_RE0
  1033  0000                     	_RE0	set	0x48	;byte address: 0x9
  1034                           
  1035                           	global	_RE1
  1036                           	global	_RE1
  1037  0000                     	_RE1	set	0x49	;byte address: 0x9
  1038                           
  1039                           	global	_RE2
  1040                           	global	_RE2
  1041  0000                     	_RE2	set	0x4A	;byte address: 0x9
  1042                           
  1043                           	global	_RP0
  1044                           	global	_RP0
  1045  0000                     	_RP0	set	0x1D	;byte address: 0x3
  1046                           
  1047                           	global	_RP1
  1048                           	global	_RP1
  1049  0000                     	_RP1	set	0x1E	;byte address: 0x3
  1050                           
  1051                           	global	_RSEN
  1052                           	global	_RSEN
  1053  0000                     	_RSEN	set	0x489	;byte address: 0x91
  1054                           
  1055                           	global	_RW
  1056                           	global	_RW
  1057  0000                     	_RW	set	0x4A2	;byte address: 0x94
  1058                           
  1059                           	global	_RX9
  1060                           	global	_RX9
  1061  0000                     	_RX9	set	0xC6	;byte address: 0x18
  1062                           
  1063                           	global	_RX9D
  1064                           	global	_RX9D
  1065  0000                     	_RX9D	set	0xC0	;byte address: 0x18
  1066                           
  1067                           	global	_SEN
  1068                           	global	_SEN
  1069  0000                     	_SEN	set	0x488	;byte address: 0x91
  1070                           
  1071                           	global	_SMP
  1072                           	global	_SMP
  1073  0000                     	_SMP	set	0x4A7	;byte address: 0x94
  1074                           
  1075                           	global	_SPEN
  1076                           	global	_SPEN
  1077  0000                     	_SPEN	set	0xC7	;byte address: 0x18
  1078                           
  1079                           	global	_SREN
  1080                           	global	_SREN
  1081  0000                     	_SREN	set	0xC5	;byte address: 0x18
  1082                           
  1083                           	global	_SSPEN
  1084                           	global	_SSPEN
  1085  0000                     	_SSPEN	set	0xA5	;byte address: 0x14
  1086                           
  1087                           	global	_SSPIE
  1088                           	global	_SSPIE
  1089  0000                     	_SSPIE	set	0x463	;byte address: 0x8C
  1090                           
  1091                           	global	_SSPIF
  1092                           	global	_SSPIF
  1093  0000                     	_SSPIF	set	0x63	;byte address: 0xC
  1094                           
  1095                           	global	_SSPM0
  1096                           	global	_SSPM0
  1097  0000                     	_SSPM0	set	0xA0	;byte address: 0x14
  1098                           
  1099                           	global	_SSPM1
  1100                           	global	_SSPM1
  1101  0000                     	_SSPM1	set	0xA1	;byte address: 0x14
  1102                           
  1103                           	global	_SSPM2
  1104                           	global	_SSPM2
  1105  0000                     	_SSPM2	set	0xA2	;byte address: 0x14
  1106                           
  1107                           	global	_SSPM3
  1108                           	global	_SSPM3
  1109  0000                     	_SSPM3	set	0xA3	;byte address: 0x14
  1110                           
  1111                           	global	_SSPOV
  1112                           	global	_SSPOV
  1113  0000                     	_SSPOV	set	0xA6	;byte address: 0x14
  1114                           
  1115                           	global	_START
  1116                           	global	_START
  1117  0000                     	_START	set	0x4A3	;byte address: 0x94
  1118                           
  1119                           	global	_STOP
  1120                           	global	_STOP
  1121  0000                     	_STOP	set	0x4A4	;byte address: 0x94
  1122                           
  1123                           	global	_SYNC
  1124                           	global	_SYNC
  1125  0000                     	_SYNC	set	0x4C4	;byte address: 0x98
  1126                           
  1127                           	global	_T0CS
  1128                           	global	_T0CS
  1129  0000                     	_T0CS	set	0x40D	;byte address: 0x81
  1130                           
  1131                           	global	_T0IE
  1132                           	global	_T0IE
  1133  0000                     	_T0IE	set	0x5D	;byte address: 0xB
  1134                           
  1135                           	global	_T0IF
  1136                           	global	_T0IF
  1137  0000                     	_T0IF	set	0x5A	;byte address: 0xB
  1138                           
  1139                           	global	_T0SE
  1140                           	global	_T0SE
  1141  0000                     	_T0SE	set	0x40C	;byte address: 0x81
  1142                           
  1143                           	global	_T1CKPS0
  1144                           	global	_T1CKPS0
  1145  0000                     	_T1CKPS0	set	0x84	;byte address: 0x10
  1146                           
  1147                           	global	_T1CKPS1
  1148                           	global	_T1CKPS1
  1149  0000                     	_T1CKPS1	set	0x85	;byte address: 0x10
  1150                           
  1151                           	global	_T1OSCEN
  1152                           	global	_T1OSCEN
  1153  0000                     	_T1OSCEN	set	0x83	;byte address: 0x10
  1154                           
  1155                           	global	_T1SYNC
  1156                           	global	_T1SYNC
  1157  0000                     	_T1SYNC	set	0x82	;byte address: 0x10
  1158                           
  1159                           	global	_T2CKPS0
  1160                           	global	_T2CKPS0
  1161  0000                     	_T2CKPS0	set	0x90	;byte address: 0x12
  1162                           
  1163                           	global	_T2CKPS1
  1164                           	global	_T2CKPS1
  1165  0000                     	_T2CKPS1	set	0x91	;byte address: 0x12
  1166                           
  1167                           	global	_TMR0IE
  1168                           	global	_TMR0IE
  1169  0000                     	_TMR0IE	set	0x5D	;byte address: 0xB
  1170                           
  1171                           	global	_TMR0IF
  1172                           	global	_TMR0IF
  1173  0000                     	_TMR0IF	set	0x5A	;byte address: 0xB
  1174                           
  1175                           	global	_TMR1CS
  1176                           	global	_TMR1CS
  1177  0000                     	_TMR1CS	set	0x81	;byte address: 0x10
  1178                           
  1179                           	global	_TMR1IE
  1180                           	global	_TMR1IE
  1181  0000                     	_TMR1IE	set	0x460	;byte address: 0x8C
  1182                           
  1183                           	global	_TMR1IF
  1184                           	global	_TMR1IF
  1185  0000                     	_TMR1IF	set	0x60	;byte address: 0xC
  1186                           
  1187                           	global	_TMR1ON
  1188                           	global	_TMR1ON
  1189  0000                     	_TMR1ON	set	0x80	;byte address: 0x10
  1190                           
  1191                           	global	_TMR2IE
  1192                           	global	_TMR2IE
  1193  0000                     	_TMR2IE	set	0x461	;byte address: 0x8C
  1194                           
  1195                           	global	_TMR2IF
  1196                           	global	_TMR2IF
  1197  0000                     	_TMR2IF	set	0x61	;byte address: 0xC
  1198                           
  1199                           	global	_TMR2ON
  1200                           	global	_TMR2ON
  1201  0000                     	_TMR2ON	set	0x92	;byte address: 0x12
  1202                           
  1203                           	global	_TO
  1204                           	global	_TO
  1205  0000                     	_TO	set	0x1C	;byte address: 0x3
  1206                           
  1207                           	global	_TOUTPS0
  1208                           	global	_TOUTPS0
  1209  0000                     	_TOUTPS0	set	0x93	;byte address: 0x12
  1210                           
  1211                           	global	_TOUTPS1
  1212                           	global	_TOUTPS1
  1213  0000                     	_TOUTPS1	set	0x94	;byte address: 0x12
  1214                           
  1215                           	global	_TOUTPS2
  1216                           	global	_TOUTPS2
  1217  0000                     	_TOUTPS2	set	0x95	;byte address: 0x12
  1218                           
  1219                           	global	_TOUTPS3
  1220                           	global	_TOUTPS3
  1221  0000                     	_TOUTPS3	set	0x96	;byte address: 0x12
  1222                           
  1223                           	global	_TRISA0
  1224                           	global	_TRISA0
  1225  0000                     	_TRISA0	set	0x428	;byte address: 0x85
  1226                           
  1227                           	global	_TRISA1
  1228                           	global	_TRISA1
  1229  0000                     	_TRISA1	set	0x429	;byte address: 0x85
  1230                           
  1231                           	global	_TRISA2
  1232                           	global	_TRISA2
  1233  0000                     	_TRISA2	set	0x42A	;byte address: 0x85
  1234                           
  1235                           	global	_TRISA3
  1236                           	global	_TRISA3
  1237  0000                     	_TRISA3	set	0x42B	;byte address: 0x85
  1238                           
  1239                           	global	_TRISA4
  1240                           	global	_TRISA4
  1241  0000                     	_TRISA4	set	0x42C	;byte address: 0x85
  1242                           
  1243                           	global	_TRISA5
  1244                           	global	_TRISA5
  1245  0000                     	_TRISA5	set	0x42D	;byte address: 0x85
  1246                           
  1247                           	global	_TRISB0
  1248                           	global	_TRISB0
  1249  0000                     	_TRISB0	set	0x430	;byte address: 0x86
  1250                           
  1251                           	global	_TRISB1
  1252                           	global	_TRISB1
  1253  0000                     	_TRISB1	set	0x431	;byte address: 0x86
  1254                           
  1255                           	global	_TRISB2
  1256                           	global	_TRISB2
  1257  0000                     	_TRISB2	set	0x432	;byte address: 0x86
  1258                           
  1259                           	global	_TRISB3
  1260                           	global	_TRISB3
  1261  0000                     	_TRISB3	set	0x433	;byte address: 0x86
  1262                           
  1263                           	global	_TRISB4
  1264                           	global	_TRISB4
  1265  0000                     	_TRISB4	set	0x434	;byte address: 0x86
  1266                           
  1267                           	global	_TRISB5
  1268                           	global	_TRISB5
  1269  0000                     	_TRISB5	set	0x435	;byte address: 0x86
  1270                           
  1271                           	global	_TRISB6
  1272                           	global	_TRISB6
  1273  0000                     	_TRISB6	set	0x436	;byte address: 0x86
  1274                           
  1275                           	global	_TRISB7
  1276                           	global	_TRISB7
  1277  0000                     	_TRISB7	set	0x437	;byte address: 0x86
  1278                           
  1279                           	global	_TRISC0
  1280                           	global	_TRISC0
  1281  0000                     	_TRISC0	set	0x438	;byte address: 0x87
  1282                           
  1283                           	global	_TRISC1
  1284                           	global	_TRISC1
  1285  0000                     	_TRISC1	set	0x439	;byte address: 0x87
  1286                           
  1287                           	global	_TRISC2
  1288                           	global	_TRISC2
  1289  0000                     	_TRISC2	set	0x43A	;byte address: 0x87
  1290                           
  1291                           	global	_TRISC3
  1292                           	global	_TRISC3
  1293  0000                     	_TRISC3	set	0x43B	;byte address: 0x87
  1294                           
  1295                           	global	_TRISC4
  1296                           	global	_TRISC4
  1297  0000                     	_TRISC4	set	0x43C	;byte address: 0x87
  1298                           
  1299                           	global	_TRISC5
  1300                           	global	_TRISC5
  1301  0000                     	_TRISC5	set	0x43D	;byte address: 0x87
  1302                           
  1303                           	global	_TRISC6
  1304                           	global	_TRISC6
  1305  0000                     	_TRISC6	set	0x43E	;byte address: 0x87
  1306                           
  1307                           	global	_TRISC7
  1308                           	global	_TRISC7
  1309  0000                     	_TRISC7	set	0x43F	;byte address: 0x87
  1310                           
  1311                           	global	_TRISD0
  1312                           	global	_TRISD0
  1313  0000                     	_TRISD0	set	0x440	;byte address: 0x88
  1314                           
  1315                           	global	_TRISD1
  1316                           	global	_TRISD1
  1317  0000                     	_TRISD1	set	0x441	;byte address: 0x88
  1318                           
  1319                           	global	_TRISD2
  1320                           	global	_TRISD2
  1321  0000                     	_TRISD2	set	0x442	;byte address: 0x88
  1322                           
  1323                           	global	_TRISD3
  1324                           	global	_TRISD3
  1325  0000                     	_TRISD3	set	0x443	;byte address: 0x88
  1326                           
  1327                           	global	_TRISD4
  1328                           	global	_TRISD4
  1329  0000                     	_TRISD4	set	0x444	;byte address: 0x88
  1330                           
  1331                           	global	_TRISD5
  1332                           	global	_TRISD5
  1333  0000                     	_TRISD5	set	0x445	;byte address: 0x88
  1334                           
  1335                           	global	_TRISD6
  1336                           	global	_TRISD6
  1337  0000                     	_TRISD6	set	0x446	;byte address: 0x88
  1338                           
  1339                           	global	_TRISD7
  1340                           	global	_TRISD7
  1341  0000                     	_TRISD7	set	0x447	;byte address: 0x88
  1342                           
  1343                           	global	_TRISE0
  1344                           	global	_TRISE0
  1345  0000                     	_TRISE0	set	0x448	;byte address: 0x89
  1346                           
  1347                           	global	_TRISE1
  1348                           	global	_TRISE1
  1349  0000                     	_TRISE1	set	0x449	;byte address: 0x89
  1350                           
  1351                           	global	_TRISE2
  1352                           	global	_TRISE2
  1353  0000                     	_TRISE2	set	0x44A	;byte address: 0x89
  1354                           
  1355                           	global	_TRMT
  1356                           	global	_TRMT
  1357  0000                     	_TRMT	set	0x4C1	;byte address: 0x98
  1358                           
  1359                           	global	_TX9
  1360                           	global	_TX9
  1361  0000                     	_TX9	set	0x4C6	;byte address: 0x98
  1362                           
  1363                           	global	_TX9D
  1364                           	global	_TX9D
  1365  0000                     	_TX9D	set	0x4C0	;byte address: 0x98
  1366                           
  1367                           	global	_TXEN
  1368                           	global	_TXEN
  1369  0000                     	_TXEN	set	0x4C5	;byte address: 0x98
  1370                           
  1371                           	global	_TXIE
  1372                           	global	_TXIE
  1373  0000                     	_TXIE	set	0x464	;byte address: 0x8C
  1374                           
  1375                           	global	_TXIF
  1376                           	global	_TXIF
  1377  0000                     	_TXIF	set	0x64	;byte address: 0xC
  1378                           
  1379                           	global	_UA
  1380                           	global	_UA
  1381  0000                     	_UA	set	0x4A1	;byte address: 0x94
  1382                           
  1383                           	global	_WCOL
  1384                           	global	_WCOL
  1385  0000                     	_WCOL	set	0xA7	;byte address: 0x14
  1386                           
  1387                           	global	_WR
  1388                           	global	_WR
  1389  0000                     	_WR	set	0xC61	;byte address: 0x18C
  1390                           
  1391                           	global	_WREN
  1392                           	global	_WREN
  1393  0000                     	_WREN	set	0xC62	;byte address: 0x18C
  1394                           
  1395                           	global	_WRERR
  1396                           	global	_WRERR
  1397  0000                     	_WRERR	set	0xC63	;byte address: 0x18C
  1398                           
  1399                           	global	_ZERO
  1400                           	global	_ZERO
  1401  0000                     	_ZERO	set	0x1A	;byte address: 0x3
  1402                           
  1403                           	PSECT	fnautoc,class=COMMON,space=1
  1404                           	FNCONF	fnautoc,??,?
  1405                           apbank macro
  1406                           	; no bank selection necessary for common memor
                                 y
  1407  0070                     	endm


HI-TECH Software PICC Macro Assembler V9.65PL1 build 4700 
Symbol Table                                          Mon Dec 04 11:35:53 2023

            l1 0037              l2 0018              l3 0037  
            l5 07FF              l6 07E3              l7 07FF  
    __Lrdata_0 0000      __Lramdata 0000             _DA 04A5  
           _BF 04A0             _DC 0019             _PD 001B  
           _RD 0C60             _UA 04A1             _TO 001C  
           _RW 04A2             _WR 0C61            _CM0 04E0  
          _CM1 04E1            _CM2 04E2            _CKE 04A6  
          _IBF 044F            _CIS 04E3            _CKP 00A4  
          _GIE 005F            _BOR 0470            _RA0 0028  
          _RA1 0029            _RB0 0030            _RA2 002A  
          _RB1 0031            _RA3 002B            _RC0 0038  
          _RB2 0032            _RA4 002C            _RC1 0039  
          _RB3 0033            _RA5 002D            _RD0 0040  
          _RC2 003A            _RB4 0034            _RD1 0041  
          _RC3 003B            _RB5 0035            _RE0 0048  
          _RD2 0042            _RC4 003C            _RB6 0036  
          _RE1 0049            _RD3 0043            _RC5 003D  
          _RB7 0037            _RE2 004A            _RD4 0044  
          _RC6 003E            _RD5 0045            _RC7 003F  
          _RD6 0046            _OBF 044E            _RD7 0047  
          _FSR 0004            _PCL 0002            _PS0 0408  
          _PR2 0092            _PS1 0409            _RP0 001D  
          _PS2 040A            _PEN 048A            _IRP 001F  
          _RP1 001E            _SEN 0488            _PSA 040B  
          u760 0037            u761 0036            u780 07FF  
          u781 07FE            _POR 0471            _RX9 00C6  
          u797 07E7            _SMP 04A7            _TX9 04C6  
      ??_delay 0073           _ADIE 0466           _ADIF 0066  
         _ADFM 04FF           _ADGO 00FA       __tempreg 0073  
         _ADON 00F8           _CHS0 00FB           _CHS1 00FC  
         _CHS2 00FD           _EEIE 046C           _EEIF 006C  
         _GCEN 048F           _CMIE 046E           _CMIF 006E  
         _BRGH 04C2           _T0IE 005D           _T0IF 005A  
         _CREN 00C4           _T0CS 040D           _FERR 00C2  
         _IBOV 044D           _CVR0 04E8           _CVR1 04E9  
         _CVR2 04EA           _CVR3 04EB           _T0SE 040C  
         _CSRC 04C7           _INDF 0000           _PIE1 008C  
         _PIE2 008D           _CVRR 04ED           _PEIE 005E  
         _INTE 005C           _INTF 0059           _RBIE 005B  
         _RBIF 0058           _RCIE 0465           _RCIF 0065  
         _RCEN 048B           _PCON 008E           _PIR1 000C  
         _PIR2 000D           _OERR 00C1           u7610 0033  
         u7615 0031           u7810 07FB           _RBPU 040F  
         u7815 07F9           _RX9D 00C0           _TMR0 0001  
         _TMR2 0011           _WCOL 00A7           _SPEN 00C7  
         _RSEN 0489      __databank 0000           _TX9D 04C0  
         _SREN 00C5           _TRMT 04C1           _STOP 04A4  
         _ZERO 001A           _TXIE 0464           _WREN 0C62  
         _TXIF 0064           _TXEN 04C5           _SYNC 04C4  
         _main 0003           start 0000        _CCP1CON 0017  
      _CCP2CON 001D        _ACKSTAT 048E          _C1INV 04E4  
        _C2INV 04E5          _C1OUT 04E6          _C2OUT 04E7  
        _ADCS0 00FE          _ADCS1 00FF          _ADCS2 04FE  
        _ADDEN 00C3          ?_main 0070          _ACKEN 048C  
        _ACKDT 048D          _BCLIE 046B          _BCLIF 006B  
        _CCP1X 00BD          _CCP1Y 00BC          _CCP2X 00ED  
        _CCP2Y 00EC          _EEADR 010D  __end_of_delay 0800  
        _CARRY 0018          _EEPGD 0C67          _CMCON 009C  
        _T1CON 0010          _T2CON 0012        _T1CKPS0 0084  
      _T1CKPS1 0085          _PCFG0 04F8          _PCFG1 04F9  
        _PCFG2 04FA          _PCFG3 04FB        _T2CKPS0 0090  
      _T2CKPS1 0091          _CVREN 04EF          _CVROE 04EE  
        _RCREG 001A          _RCSTA 0018          _TMR1H 000F  
        _TMR1L 000E          _SPBRG 0099          _PORTA 0005  
        _PORTB 0006        _T1OSCEN 0083          _PORTC 0007  
        _PORTD 0008          _PORTE 0009          _PSPIE 0467  
        _PSPIF 0067          _START 04A3          _SSPM0 00A0  
        _SSPM1 00A1          _SSPM2 00A2          _SSPM3 00A3  
        _TRISA 0085          _TRISB 0086          _TRISC 0087  
        _TRISD 0088          _SSPIE 0463          _TRISE 0089  
        _SSPIF 0063          _SSPEN 00A5          _SSPOV 00A6  
        _WRERR 0C63          _TXREG 0019          _TXSTA 0098  
        _delay 07DE        _PSPMODE 044C        _SSPCON2 0091  
      _SSPSTAT 0094        _TOUTPS0 0093        _TOUTPS1 0094  
      _TOUTPS2 0095        _TOUTPS3 0096          status 0003  
      _delay_i 0073         ??_main 0070         ?_delay 0073  
       _ADCON0 001F         _ADCON1 009F         _CCP1M0 00B8  
       _CCP1M1 00B9         _CCP1M2 00BA         _CCP1M3 00BB  
       _CCP2M0 00E8         _CCP2M1 00E9         _CCP2M2 00EA  
       _CCP2M3 00EB         _CCP1IE 0462         _CCP1IF 0062  
       _CCP2IE 0468         _CCP2IF 0068         _ADRESH 001E  
       _EEADRH 010F         _ADRESL 009E         _EEADRL 010D  
       _EEDATA 010C         _CCPR1H 0016         _EEDATH 010E  
       _CCPR2H 001C         _CCPR1L 0015         _CCPR2L 001B  
       _EECON1 018C         _EECON2 018D   __end_of_main 003A  
       _GODONE 00FA         _CVRCON 009D         _T1SYNC 0082  
       _INTEDG 040E         _PCLATH 000A         _INTCON 000B  
       _TMR0IE 005D         _TMR0IF 005A         _TMR1IE 0460  
       _TMR1IF 0060         _TMR1CS 0081         _TMR2IE 0461  
       _TMR2IF 0061         _TMR1ON 0080         _OPTION 0081  
       _TMR2ON 0092         _SSPADD 0093         _TRISA0 0428  
       _TRISA1 0429         _TRISB0 0430         _TRISA2 042A  
       _TRISB1 0431         _TRISA3 042B         _TRISC0 0438  
       _TRISB2 0432         _TRISA4 042C         _TRISC1 0439  
       _TRISB3 0433         _TRISA5 042D         _TRISD0 0440  
       _TRISC2 043A         _TRISB4 0434         _TRISD1 0441  
       _TRISC3 043B         _TRISB5 0435         _TRISE0 0448  
       _TRISD2 0442         _TRISC4 043C         _TRISB6 0436  
       _TRISE1 0449         _TRISD3 0443         _TRISC5 043D  
       _TRISB7 0437         _TRISE2 044A         _TRISD4 0444  
       _TRISC6 043E         _TRISD5 0445         _TRISC7 043F  
       _TRISD6 0446         _TRISD7 0447         _STATUS 0003  
       _SSPCON 0014         _SSPBUF 0013         _main_i 0070  
    __Hrdata_0 0001      __Hramdata 0001  
